src/GroupManagement.tsx(7,28): error TS6133: 'GROUP_ROOT_ID' is declared but its value is never read.
